api_version: cli.abcxyz.dev/v1beta3
kind: GoldenTest
inputs:
    - name: guardian_state_bucket
      value: my-guardian-state-bucket
    - name: terraform_directory
      value: .
    - name: terraform_version
      value: 1.7.4
    - name: guardian_wif_provider
      value: my-guardian-wif-provider
    - name: guardian_service_account
      value: my-guardian-service-account@abcxyz-my-project.iam.gserviceaccount.com
builtin_vars:
    - name: _git_tag
      value: my-git-tag
