# Copyright 2023 The Authors (see AUTHORS file)
#
# Licensed under the Apache License, Version 2.0 (the "License");
# you may not use this file except in compliance with the License.
# You may obtain a copy of the License at
#
#     http://www.apache.org/licenses/LICENSE-2.0
#
# Unless required by applicable law or agreed to in writing, software
# distributed under the License is distributed on an "AS IS" BASIS,
# WITHOUT WARRANTIES OR CONDITIONS OF ANY KIND, either express or implied.
# See the License for the specific language governing permissions and
# limitations under the License.

# Guardian apply is used to run the Terraform apply commands for a set of
# directories after a pull request has been merged.
name: 'guardian_apply'
run-name: 'guardian_apply - [REF ${{ github.ref_name }}]'

on:
  push:
    branches:
      - 'main'

# only one apply should run at a time
concurrency:
  group: '${{ github.workflow }}'

env:
  GUARDIAN_VERSION: '1.0.0'
  GUARDIAN_WIF_PROVIDER: 'my-guardian-wif-provider'
  GUARDIAN_WIF_SERVICE_ACCOUNT: 'my-guardian-service-account@abcxyz-my-project.iam.gserviceaccount.com'
  GUARDIAN_BUCKET_NAME: 'my-guardian-state-bucket'
  GUARDIAN_TERRAFORM_VERSION: '1.7.4'

jobs:
  init:
    runs-on: 'ubuntu-latest'

    permissions:
      contents: 'read'
      pull-requests: 'write'

    outputs:
      directories: '${{ steps.dirs.outputs.directories }}'
    steps:
      - name: 'Checkout'
        uses: 'actions/checkout@11bd71901bbe5b1630ceea73d27597364c9af683' # ratchet:actions/checkout@v4
        with:
          fetch-depth: 2 # required to get diff between HEAD and HEAD-1

      - name: 'Setup Guardian'
        uses: 'abcxyz/pkg/.github/actions/setup-binary@90acbb7e25e72c3c7ae2c040244d8468f74f8d96' # ratchet:abcxyz/pkg/.github/actions/setup-binary@main
        with:
          download_url: 'https://github.com/abcxyz/guardian/releases/download/v${{ env.GUARDIAN_VERSION }}/guardian_${{ env.GUARDIAN_VERSION }}_linux_amd64.tar.gz'
          install_path: '${{ runner.temp }}/.guardian'
          binary_subpath: 'guardian'
          cache_key: '${{ runner.os }}_${{ runner.arch }}_guardian_${{ env.GUARDIAN_VERSION }}'
          add_to_path: true

      - name: 'Guardian Directories'
        id: 'dirs'
        shell: 'bash'
        env:
          # used to create comments on pull requests (access to only this repo)
          GUARDIAN_GITHUB_TOKEN: '${{ github.token }}'
        run: |-
          DIRECTORIES=$(guardian entrypoints -dir="." -detect-changes -source-ref=HEAD~1 -dest-ref=HEAD)
          echo "entrypoints -> ${DIRECTORIES}"
          echo "directories=${DIRECTORIES}" >> $GITHUB_OUTPUT

  apply:
    if: |
      needs.init.outputs.directories != '[]'
    needs:
      - 'init'
    runs-on: 'ubuntu-latest'

    permissions:
      contents: 'read'
      id-token: 'write'
      pull-requests: 'write'

    strategy:
      fail-fast: false
      max-parallel: 100
      matrix:
        working_directory: '${{ fromJSON(needs.init.outputs.directories) }}'
    steps:
      - name: 'Checkout'
        uses: 'actions/checkout@11bd71901bbe5b1630ceea73d27597364c9af683' # ratchet:actions/checkout@v4

      - name: 'Authenticate to Google Cloud'
        uses: 'google-github-actions/auth@6fc4af4b145ae7821d527454aa9bd537d1f2dc5f' # ratchet:google-github-actions/auth@v2
        with:
          workload_identity_provider: '${{ env.GUARDIAN_WIF_PROVIDER }}'
          service_account: '${{ env.GUARDIAN_WIF_SERVICE_ACCOUNT }}'

      - name: 'Setup Terraform'
        uses: 'abcxyz/secure-setup-terraform@cedf5136321da85745811c74c063c19675bfa904' # ratchet:abcxyz/secure-setup-terraform@main
        with:
          terraform_version: '${{ env.GUARDIAN_TERRAFORM_VERSION }}'
          terraform_module_location: './${{ matrix.working_directory }}'
          terraform_lockfile_location: './${{ matrix.working_directory }}'
          protect_lockfile: true
          terraform_wrapper: false

      - name: 'Setup Guardian'
        uses: 'abcxyz/pkg/.github/actions/setup-binary@90acbb7e25e72c3c7ae2c040244d8468f74f8d96' # ratchet:abcxyz/pkg/.github/actions/setup-binary@main
        with:
          download_url: 'https://github.com/abcxyz/guardian/releases/download/v${{ env.GUARDIAN_VERSION }}/guardian_${{ env.GUARDIAN_VERSION }}_linux_amd64.tar.gz'
          install_path: '${{ runner.temp }}/.guardian'
          binary_subpath: 'guardian'
          cache_key: '${{ runner.os }}_${{ runner.arch }}_guardian_${{ env.GUARDIAN_VERSION }}'
          add_to_path: true

      - name: 'Guardian Apply'
        shell: 'bash'
        env:
          # used to create comments on pull requests (access to only this repo)
          GUARDIAN_GITHUB_TOKEN: '${{ github.token }}'
          DIRECTORY: '${{ matrix.working_directory }}'
        run: |-
          guardian apply -dir="${DIRECTORY}" -storage="gcs://${GUARDIAN_BUCKET_NAME}"
